// Jest Snapshot v1, https://goo.gl/fbAQLP

exports[`snapshot testing 1`] = `"Hello my name is John"`;
